* using log directory ‘/Users/martin/Library/CloudStorage/Dropbox/Werk/AAV/Concentratierisico/spatialrisk/..Rcheck’
* using R version 4.6.1 (2026-06-24)
* using platform: aarch64-apple-darwin23
* R was compiled by
    Apple clang version 17.0.0 (clang-1700.3.19.1)
    GNU Fortran (GCC) 14.2.0
* running under: macOS Tahoe 26.5.2
* using session charset: UTF-8
* current time: 2026-08-28 11:19:30 UTC
* using option ‘--no-manual’
* checking for file ‘./DESCRIPTION’ ... OK
* checking extension type ... Package
* this is package ‘spatialrisk’ version ‘0.8.1.9000’
* package encoding: UTF-8
* checking package namespace information ... OK
* checking package dependencies ... OK
* checking if this is a source package ... WARNING
Subdirectory ‘spatialrisk/src’ contains apparent object files/libraries
  concentration_hotspot_indexed.o concentration.o distance.o grid.o
  haversine_cpp.o radius.o RcppExports.o spatialrisk.so utilities.o
Object files/libraries should not be included in a source package.

In addition to the above warning(s), found the following notes:

Found the following apparent object files/libraries:
  revdep/library.noindex/spatialrisk/new/cli/libs/cli.so
  revdep/library.noindex/spatialrisk/new/cli/libs/cli.so.dSYM/Contents/Resources/DWARF/cli.so
  revdep/library.noindex/spatialrisk/new/fs/libs/fs.so
  revdep/library.noindex/spatialrisk/new/fs/libs/fs.so.dSYM/Contents/Resources/DWARF/fs.so
  revdep/library.noindex/spatialrisk/new/glue/libs/glue.so
  revdep/library.noindex/spatialrisk/new/glue/libs/glue.so.dSYM/Contents/Resources/DWARF/glue.so
  revdep/library.noindex/spatialrisk/new/Rcpp/libs/Rcpp.so
  revdep/library.noindex/spatialrisk/new/Rcpp/libs/Rcpp.so.dSYM/Contents/Resources/DWARF/Rcpp.so
  revdep/library.noindex/spatialrisk/new/spatialrisk/libs/spatialrisk.so
  revdep/library.noindex/spatialrisk/new/vctrs/libs/vctrs.so
  revdep/library.noindex/spatialrisk/new/vctrs/libs/vctrs.so.dSYM/Contents/Resources/DWARF/vctrs.so
  revdep/library.noindex/spatialrisk/old/spatialrisk/libs/spatialrisk.so
  revdep/library.noindex/spatialrisk/old/spatialrisk/libs/spatialrisk.so.dSYM/Contents/Resources/DWARF/spatialrisk.so
Object files/libraries should not be included in a source package.

Subdirectory ‘revdep/library.noindex/spatialrisk/new/cli’ seems to contain an installed version of the package.
* checking if there is a namespace ... OK
* checking for executable files ...